// Jest Snapshot v1, https://goo.gl/fbAQLP

exports[`<Main /> should render the heading 1`] = `
<div>
  <h1>
    ok
  </h1>
  <h1>
    dsiadisadmasida
  </h1>
</div>
`;
