// Jest Snapshot v1, https://goo.gl/fbAQLP

exports[`<Nav /> should render the heading 1`] = `
<div>
  <h1>
    Nav
  </h1>
</div>
`;
